<?php return array (
  0 => 'Symfony\\Bundle\\FrameworkBundle\\Controller\\AbstractController',
  1 => 'App\\Controller\\Admin\\AkunController',
  2 => 'App\\Controller\\Admin\\DashboardController',
  3 => 'App\\Controller\\Admin\\InformasiController',
  4 => 'App\\Controller\\Admin\\JadwalController',
  5 => 'App\\Controller\\Admin\\JadwalMingguController',
  6 => 'App\\Controller\\Admin\\KeuanganController',
  7 => 'App\\Controller\\Admin\\PengurusController',
  8 => 'App\\Controller\\Admin\\ProfilController',
  9 => 'App\\Controller\\BeritaController',
  10 => 'App\\Controller\\DefaultController',
  11 => 'App\\Controller\\GaleriController',
  12 => 'App\\Controller\\GerejaController',
  13 => 'App\\Controller\\SecurityController',
  14 => 'App\\Controller\\SuperAdmin\\AkunController',
  15 => 'App\\Controller\\SuperAdmin\\DashboardController',
  16 => 'App\\Controller\\SuperAdmin\\GaleriController',
  17 => 'App\\Controller\\SuperAdmin\\GerejaController',
  18 => 'App\\Controller\\SuperAdmin\\JadwalController',
  19 => 'App\\Controller\\SuperAdmin\\KategoriController',
  20 => 'App\\Controller\\SuperAdmin\\KeuanganController',
  21 => 'App\\Entity\\TbGereja',
  22 => 'App\\Entity\\TbInformasi',
  23 => 'App\\Entity\\TbJadwal',
  24 => 'App\\Entity\\TbJadwalMinggu',
  25 => 'App\\Entity\\TbJadwalRincian',
  26 => 'App\\Entity\\TbKategori',
  27 => 'App\\Entity\\TbKeuangan',
  28 => 'App\\Entity\\TbKeuanganRincian',
  29 => 'App\\Entity\\TbPengurus',
  30 => 'App\\Entity\\TbProfil',
  31 => 'App\\Entity\\User',
  32 => 'Doctrine\\Bundle\\DoctrineBundle\\Controller\\ProfilerController',
  33 => 'Doctrine\\ORM\\Cache\\Persister\\Entity\\AbstractEntityPersister',
  34 => 'Doctrine\\ORM\\Cache\\Persister\\Entity\\CachedEntityPersister',
  35 => 'Doctrine\\ORM\\Cache\\Persister\\Entity\\NonStrictReadWriteCachedEntityPersister',
  36 => 'Doctrine\\ORM\\Cache\\Persister\\Entity\\ReadOnlyCachedEntityPersister',
  37 => 'Doctrine\\ORM\\Cache\\Persister\\Entity\\ReadWriteCachedEntityPersister',
  38 => 'Doctrine\\ORM\\Persisters\\Entity\\AbstractEntityInheritancePersister',
  39 => 'Doctrine\\ORM\\Persisters\\Entity\\BasicEntityPersister',
  40 => 'Doctrine\\ORM\\Persisters\\Entity\\CachedPersisterContext',
  41 => 'Doctrine\\ORM\\Persisters\\Entity\\EntityPersister',
  42 => 'Doctrine\\ORM\\Persisters\\Entity\\JoinedSubclassPersister',
  43 => 'Doctrine\\ORM\\Persisters\\Entity\\SingleTablePersister',
  45 => 'Symfony\\Bundle\\FrameworkBundle\\Controller\\ControllerResolver',
  46 => 'Symfony\\Bundle\\FrameworkBundle\\Controller\\RedirectController',
  47 => 'Symfony\\Bundle\\FrameworkBundle\\Controller\\TemplateController',
  48 => 'Symfony\\Bundle\\WebProfilerBundle\\Controller\\ExceptionPanelController',
  49 => 'Symfony\\Bundle\\WebProfilerBundle\\Controller\\ProfilerController',
  50 => 'Symfony\\Bundle\\WebProfilerBundle\\Controller\\RouterController',
  51 => 'Symfony\\Component\\HttpKernel\\Controller\\ArgumentResolver',
  52 => 'Symfony\\Component\\HttpKernel\\Controller\\ArgumentResolverInterface',
  53 => 'Symfony\\Component\\HttpKernel\\Controller\\ArgumentResolver\\DefaultValueResolver',
  54 => 'Symfony\\Component\\HttpKernel\\Controller\\ArgumentResolver\\NotTaggedControllerValueResolver',
  55 => 'Symfony\\Component\\HttpKernel\\Controller\\ArgumentResolver\\RequestAttributeValueResolver',
  56 => 'Symfony\\Component\\HttpKernel\\Controller\\ArgumentResolver\\RequestValueResolver',
  57 => 'Symfony\\Component\\HttpKernel\\Controller\\ArgumentResolver\\ServiceValueResolver',
  58 => 'Symfony\\Component\\HttpKernel\\Controller\\ArgumentResolver\\SessionValueResolver',
  59 => 'Symfony\\Component\\HttpKernel\\Controller\\ArgumentResolver\\TraceableValueResolver',
  60 => 'Symfony\\Component\\HttpKernel\\Controller\\ArgumentResolver\\VariadicValueResolver',
  61 => 'Symfony\\Component\\HttpKernel\\Controller\\ArgumentValueResolverInterface',
  62 => 'Symfony\\Component\\HttpKernel\\Controller\\ContainerControllerResolver',
  63 => 'Symfony\\Component\\HttpKernel\\Controller\\ControllerReference',
  64 => 'Symfony\\Component\\HttpKernel\\Controller\\ControllerResolver',
  65 => 'Symfony\\Component\\HttpKernel\\Controller\\ControllerResolverInterface',
  66 => 'Symfony\\Component\\HttpKernel\\Controller\\ErrorController',
  67 => 'Symfony\\Component\\HttpKernel\\Controller\\TraceableArgumentResolver',
  68 => 'Symfony\\Component\\HttpKernel\\Controller\\TraceableControllerResolver',
  69 => 'Symfony\\Component\\Security\\Http\\Controller\\UserValueResolver',
);